// Jest Snapshot v1, https://goo.gl/fbAQLP

exports[`App renders correctly 1`] = `
<div
  className="App"
>
  <Header />
  <div
    className="App-container"
  >
    <Translator />
    <Feedback />
  </div>
</div>
`;
