// Jest Snapshot v1, https://goo.gl/fbAQLP

exports[`Translator renders correctly 1`] = `
<div
  className="App-grid container"
>
  <div
    className="show-grid row"
  >
    <div
      className="col-md-5"
    >
      <div
        className="form-group"
      >
        <textarea
          className="App-textarea form-control"
          id="jsonTextArea"
          onChange={[Function]}
          placeholder="Paste json data here..."
          rows={30}
          type={undefined}
          value=""
        />
      </div>
    </div>
    <div
      className="App-convert col-md-2"
    >
      <button
        className="btn btn-success"
        disabled={true}
        onClick={[Function]}
        type="button"
      >
        Translate
      </button>
    </div>
    <div
      className="col-md-5"
    >
      <div
        className="form-group"
      >
        <textarea
          className="App-textarea form-control"
          id="swaggerTextArea"
          readOnly={true}
          rows={30}
          type={undefined}
          value=""
        />
      </div>
    </div>
  </div>
</div>
`;
